// Jest Snapshot v1, https://goo.gl/fbAQLP

exports[`renders corectly 1`] = `
<div>
  <div
    className="ui inverted pointing top fixed menu"
  >
    <a
      href="/"
      onClick={[Function]}
    >
      <div
        className="link item"
        onClick={[Function]}
      >
        Home
      </div>
    </a>
    <a
      href="/editAccount"
      onClick={[Function]}
    >
      <div
        className="link item"
        onClick={[Function]}
      >
        Edit Account
      </div>
    </a>
    <a
      className="link item"
      onClick={[Function]}
    >
      Logout
    </a>
  </div>
</div>
`;
